ERROR: there are dependency loops.
a → b → c → a
x → y → z → x