{
  "$items": [
    {
      "recoverable": false,
      "line": 2,
      "char": 0,
      "content": { "$contains": "for i in" },
      "error_type": "ASSERTION_FAILED"
    },
    {
      "recoverable": false,
      "line": 12,
      "char": 0,
      "content": { "$contains": "fn name" },
      "error_type": "ASSERTION_FAILED"
    },
    {
      "recoverable": false,
      "line": 9,
      "char": 0,
      "content": { "$contains": "while" },
      "error_type": "ASSERTION_FAILED"
    }
  ],
  "$order": "any"
}
