Addition: 15
More addition: 9
Modulo: 2
Stored result: 3