Alice 25 true
Aris
Aris
Hello, Alice
1
6
{
  employed: true,
  company: "67.8%",
  address: { city: "New York", oblast: "Donetsk Oblast" },
  name: "Bob",
  age: 30
}
Adult
1
2
3
4
5
6
Alice
30
Alicia
Aris
3
2
2
everything.