Integer: 42
String: hello
Boolean: true
Modified integer: 50