{
  "$items": [
    {
      "recoverable": false,
      "line": 2,
      "char": 0,
      "content": { "$contains": "for i in" },
      "error_type": "EXPECTED_DO_AFTER"
    },
    {
      "recoverable": false,
      "line": 2,
      "char": 0,
      "content": { "$contains": "for i in" },
      "error_type": "ASSERTION_FAILED"
    },
    {
      "recoverable": false,
      "line": 10,
      "char": 0,
      "content": { "$contains": "call i" },
      "error_type": "NO_MATCHING_OVERLOAD",
      "visible_overloads": { "$len": { "$ge": 1 } }
    }
  ],
  "$order": "any"
}
