Pi: 3.14159
Absolute zero: -273.15
Project completion: 67.8 %
Sum of floats: -202.20840999999996