Using a fruits 0: apple
Using key syntax: apple
Second number: 20