First word: hello
Last word: example
Joined: hello-world-example