Current working directory:
67lang:test_suite:project_path/tests/file_reading_test
Reading sample.txt:
Hello from sample file!
This is line 2.
And this is line 3.
File reading test complete