Number: 1
Number: 2
Number: 3
Hello Alice
Hello Bob