Original:  hello world testing
Sorted:  hello testing world