All true? false
Any true? true
None true? false
All in empty list? true