this is an expression-level multiline string.
it should produce a string value.
						it can contain indented values.
trivially.
hello world