[
  {
    "recoverable": false,
    "line": 2,
    "char": 0,
    "content": "definitely_not_a_real_macro_name",
    "error": "unknown macro 'definitely_not_a_real_macro_name' - is this supposed to exist? did you maybe typo something?",
    "error_type": "INVALID_MACRO"
  }
]