{
  "$items": [
    {
      "recoverable": false,
      "line": 4,
      "char": 0,
      "content": { "$contains": "string \"world\"" },
      "error_type": "INVALID_INDENTATION"
    }
  ],
  "$order": "any"
}