Equal integers: true
Not equal integers: false
Ascending order: true
Descending order: false
String equality: true
String comparison: true